------------------------------------------------------------
Timing Analyzer Summary
------------------------------------------------------------

Type  : Slow 1200mV 85C Model Setup 'iCLK'
Slack : -3.911
TNS   : -66.245

Type  : Slow 1200mV 85C Model Hold 'iCLK'
Slack : 0.350
TNS   : 0.000

Type  : Slow 1200mV 85C Model Recovery 'iCLK'
Slack : -1.693
TNS   : -43.307

Type  : Slow 1200mV 85C Model Removal 'iCLK'
Slack : 4.089
TNS   : 0.000

Type  : Slow 1200mV 85C Model Minimum Pulse Width 'iCLK'
Slack : 9.623
TNS   : 0.000

Type  : Slow 1200mV 0C Model Setup 'iCLK'
Slack : -2.863
TNS   : -31.244

Type  : Slow 1200mV 0C Model Hold 'iCLK'
Slack : 0.349
TNS   : 0.000

Type  : Slow 1200mV 0C Model Recovery 'iCLK'
Slack : -0.793
TNS   : -14.503

Type  : Slow 1200mV 0C Model Removal 'iCLK'
Slack : 3.661
TNS   : 0.000

Type  : Slow 1200mV 0C Model Minimum Pulse Width 'iCLK'
Slack : 9.646
TNS   : 0.000

Type  : Fast 1200mV 0C Model Setup 'iCLK'
Slack : 3.519
TNS   : 0.000

Type  : Fast 1200mV 0C Model Hold 'iCLK'
Slack : 0.144
TNS   : 0.000

Type  : Fast 1200mV 0C Model Recovery 'iCLK'
Slack : 3.756
TNS   : 0.000

Type  : Fast 1200mV 0C Model Removal 'iCLK'
Slack : 1.919
TNS   : 0.000

Type  : Fast 1200mV 0C Model Minimum Pulse Width 'iCLK'
Slack : 9.372
TNS   : 0.000

------------------------------------------------------------
