------------------------------------------------------------
Timing Analyzer Summary
------------------------------------------------------------

Type  : Slow 1200mV 85C Model Setup 'iCLK'
Slack : -3.304
TNS   : -29.793

Type  : Slow 1200mV 85C Model Hold 'iCLK'
Slack : 0.329
TNS   : 0.000

Type  : Slow 1200mV 85C Model Recovery 'iCLK'
Slack : -0.796
TNS   : -12.498

Type  : Slow 1200mV 85C Model Removal 'iCLK'
Slack : 3.801
TNS   : 0.000

Type  : Slow 1200mV 85C Model Minimum Pulse Width 'iCLK'
Slack : 9.626
TNS   : 0.000

Type  : Slow 1200mV 0C Model Setup 'iCLK'
Slack : -2.201
TNS   : -4.594

Type  : Slow 1200mV 0C Model Hold 'iCLK'
Slack : 0.306
TNS   : 0.000

Type  : Slow 1200mV 0C Model Recovery 'iCLK'
Slack : 0.042
TNS   : 0.000

Type  : Slow 1200mV 0C Model Removal 'iCLK'
Slack : 3.402
TNS   : 0.000

Type  : Slow 1200mV 0C Model Minimum Pulse Width 'iCLK'
Slack : 9.646
TNS   : 0.000

Type  : Fast 1200mV 0C Model Setup 'iCLK'
Slack : 3.917
TNS   : 0.000

Type  : Fast 1200mV 0C Model Hold 'iCLK'
Slack : 0.135
TNS   : 0.000

Type  : Fast 1200mV 0C Model Recovery 'iCLK'
Slack : 4.227
TNS   : 0.000

Type  : Fast 1200mV 0C Model Removal 'iCLK'
Slack : 1.810
TNS   : 0.000

Type  : Fast 1200mV 0C Model Minimum Pulse Width 'iCLK'
Slack : 9.371
TNS   : 0.000

------------------------------------------------------------
